Usage: java -cp "lib/*:bin" ProjectMain <input_path> <output_path>
